
  .   ____          _            __ _ _
 /\\ / ___'_ __ _ _(_)_ __  __ _ \ \ \ \
( ( )\___ | '_ | '_| | '_ \/ _` | \ \ \ \
 \\/  ___)| |_)| | | | | || (_| |  ) ) ) )
  '  |____| .__|_| |_|_| |_\__, | / / / /
 =========|_|==============|___/=/_/_/_/

 :: Spring Boot ::                (v3.4.1)

2026-05-20T14:19:23.931+09:00  INFO 16076 --- [  restartedMain] com.codingedu.CodingEduApplication       : Starting CodingEduApplication using Java 25.0.2 with PID 16076 (C:\seho\Team_Project\CodingEdu - 복사본\target\classes started by user in C:\seho\Team_Project\CodingEdu - 복사본)
2026-05-20T14:19:23.934+09:00  INFO 16076 --- [  restartedMain] com.codingedu.CodingEduApplication       : No active profile set, falling back to 1 default profile: "default"
2026-05-20T14:19:23.991+09:00  INFO 16076 --- [  restartedMain] .e.DevToolsPropertyDefaultsPostProcessor : Devtools property defaults active! Set 'spring.devtools.add-properties' to 'false' to disable
2026-05-20T14:19:23.991+09:00  INFO 16076 --- [  restartedMain] .e.DevToolsPropertyDefaultsPostProcessor : For additional web related logging consider setting the 'logging.level.web' property to 'DEBUG'
2026-05-20T14:19:24.851+09:00  INFO 16076 --- [  restartedMain] .s.d.r.c.RepositoryConfigurationDelegate : Bootstrapping Spring Data JPA repositories in DEFAULT mode.
2026-05-20T14:19:24.995+09:00  INFO 16076 --- [  restartedMain] .s.d.r.c.RepositoryConfigurationDelegate : Finished Spring Data repository scanning in 132 ms. Found 13 JPA repository interfaces.
WARNING: A restricted method in java.lang.System has been called
WARNING: java.lang.System::load has been called by org.apache.tomcat.jni.Library in an unnamed module (file:/C:/Users/user/.m2/repository/org/apache/tomcat/embed/tomcat-embed-core/10.1.34/tomcat-embed-core-10.1.34.jar)
WARNING: Use --enable-native-access=ALL-UNNAMED to avoid a warning for callers in this module
WARNING: Restricted methods will be blocked in a future release unless native access is enabled

2026-05-20T14:19:25.823+09:00  INFO 16076 --- [  restartedMain] o.s.b.w.embedded.tomcat.TomcatWebServer  : Tomcat initialized with port 8080 (http)
2026-05-20T14:19:25.843+09:00  INFO 16076 --- [  restartedMain] o.apache.catalina.core.StandardService   : Starting service [Tomcat]
2026-05-20T14:19:25.843+09:00  INFO 16076 --- [  restartedMain] o.apache.catalina.core.StandardEngine    : Starting Servlet engine: [Apache Tomcat/10.1.34]
2026-05-20T14:19:25.916+09:00  INFO 16076 --- [  restartedMain] o.a.c.c.C.[Tomcat].[localhost].[/]       : Initializing Spring embedded WebApplicationContext
2026-05-20T14:19:25.917+09:00  INFO 16076 --- [  restartedMain] w.s.c.ServletWebServerApplicationContext : Root WebApplicationContext: initialization completed in 1924 ms
2026-05-20T14:19:26.114+09:00  INFO 16076 --- [  restartedMain] o.hibernate.jpa.internal.util.LogHelper  : HHH000204: Processing PersistenceUnitInfo [name: default]
2026-05-20T14:19:26.169+09:00  INFO 16076 --- [  restartedMain] org.hibernate.Version                    : HHH000412: Hibernate ORM core version 6.6.4.Final
2026-05-20T14:19:26.200+09:00  INFO 16076 --- [  restartedMain] o.h.c.internal.RegionFactoryInitiator    : HHH000026: Second-level cache disabled
2026-05-20T14:19:26.507+09:00  INFO 16076 --- [  restartedMain] o.s.o.j.p.SpringPersistenceUnitInfo      : No LoadTimeWeaver setup: ignoring JPA class transformer
2026-05-20T14:19:26.539+09:00  INFO 16076 --- [  restartedMain] com.zaxxer.hikari.HikariDataSource       : HikariPool-1 - Starting...
2026-05-20T14:19:28.155+09:00  INFO 16076 --- [  restartedMain] com.zaxxer.hikari.pool.HikariPool        : HikariPool-1 - Added connection com.mysql.cj.jdbc.ConnectionImpl@6a000690
2026-05-20T14:19:28.159+09:00  INFO 16076 --- [  restartedMain] com.zaxxer.hikari.HikariDataSource       : HikariPool-1 - Start completed.
2026-05-20T14:19:28.512+09:00  INFO 16076 --- [  restartedMain] org.hibernate.orm.connections.pooling    : HHH10001005: Database info:
	Database JDBC URL [Connecting through datasource 'HikariDataSource (HikariPool-1)']
	Database driver: undefined/unknown
	Database version: 8.0.11
	Autocommit mode: undefined/unknown
	Isolation level: undefined/unknown
	Minimum pool size: undefined/unknown
	Maximum pool size: undefined/unknown
2026-05-20T14:19:30.054+09:00  INFO 16076 --- [  restartedMain] o.h.e.t.j.p.i.JtaPlatformInitiator       : HHH000489: No JTA platform available (set 'hibernate.transaction.jta.platform' to enable JTA platform integration)
2026-05-20T14:19:40.657+09:00  INFO 16076 --- [  restartedMain] j.LocalContainerEntityManagerFactoryBean : Initialized JPA EntityManagerFactory for persistence unit 'default'
2026-05-20T14:19:41.441+09:00  INFO 16076 --- [  restartedMain] o.s.d.j.r.query.QueryEnhancerFactory     : Hibernate is in classpath; If applicable, HQL parser will be used.
2026-05-20T14:19:43.130+09:00  WARN 16076 --- [  restartedMain] JpaBaseConfiguration$JpaWebConfiguration : spring.jpa.open-in-view is enabled by default. Therefore, database queries may be performed during view rendering. Explicitly configure spring.jpa.open-in-view to disable this warning
2026-05-20T14:19:43.201+09:00  INFO 16076 --- [  restartedMain] r$InitializeUserDetailsManagerConfigurer : Global AuthenticationManager configured with UserDetailsService bean with name customUserDetailsService
2026-05-20T14:19:43.398+09:00  INFO 16076 --- [  restartedMain] o.s.b.a.w.s.WelcomePageHandlerMapping    : Adding welcome page template: index
2026-05-20T14:19:44.355+09:00  INFO 16076 --- [  restartedMain] o.s.b.d.a.OptionalLiveReloadServer       : LiveReload server is running on port 35729
2026-05-20T14:19:44.442+09:00  INFO 16076 --- [  restartedMain] o.s.b.w.embedded.tomcat.TomcatWebServer  : Tomcat started on port 8080 (http) with context path '/'
2026-05-20T14:19:44.453+09:00  INFO 16076 --- [  restartedMain] com.codingedu.CodingEduApplication       : Started CodingEduApplication in 21.063 seconds (process running for 21.51)
Hibernate: 
    select
        u1_0.id,
        u1_0.created_at,
        u1_0.email,
        u1_0.nickname,
        u1_0.password,
        u1_0.role,
        u1_0.username 
    from
        users u1_0 
    where
        u1_0.username=?
Hibernate: 
    select
        lc1_0.id,
        lc1_0.category,
        lc1_0.description,
        lc1_0.icon,
        lc1_0.lang,
        lc1_0.lesson_count,
        lc1_0.level,
        lc1_0.title 
    from
        lesson_courses lc1_0 
    where
        lc1_0.lang=?
Hibernate: 
    select
        lc1_0.id,
        lc1_0.category,
        lc1_0.description,
        lc1_0.icon,
        lc1_0.lang,
        lc1_0.lesson_count,
        lc1_0.level,
        lc1_0.title 
    from
        lesson_courses lc1_0 
    where
        lc1_0.lang=?
Hibernate: 
    select
        lc1_0.id,
        lc1_0.category,
        lc1_0.description,
        lc1_0.icon,
        lc1_0.lang,
        lc1_0.lesson_count,
        lc1_0.level,
        lc1_0.title 
    from
        lesson_courses lc1_0 
    where
        lc1_0.lang=?
Hibernate: 
    select
        lc1_0.id,
        lc1_0.category,
        lc1_0.description,
        lc1_0.icon,
        lc1_0.lang,
        lc1_0.lesson_count,
        lc1_0.level,
        lc1_0.title 
    from
        lesson_courses lc1_0 
    where
        lc1_0.lang=?
Hibernate: 
    select
        lc1_0.id,
        lc1_0.category,
        lc1_0.description,
        lc1_0.icon,
        lc1_0.lang,
        lc1_0.lesson_count,
        lc1_0.level,
        lc1_0.title 
    from
        lesson_courses lc1_0 
    where
        lc1_0.lang=?
Hibernate: 
    select
        lc1_0.id,
        lc1_0.category,
        lc1_0.description,
        lc1_0.icon,
        lc1_0.lang,
        lc1_0.lesson_count,
        lc1_0.level,
        lc1_0.title 
    from
        lesson_courses lc1_0 
    where
        lc1_0.lang=?
Hibernate: 
    select
        lc1_0.id,
        lc1_0.category,
        lc1_0.description,
        lc1_0.icon,
        lc1_0.lang,
        lc1_0.lesson_count,
        lc1_0.level,
        lc1_0.title 
    from
        lesson_courses lc1_0 
    where
        lc1_0.lang=?
Hibernate: 
    select
        lc1_0.id,
        lc1_0.category,
        lc1_0.description,
        lc1_0.icon,
        lc1_0.lang,
        lc1_0.lesson_count,
        lc1_0.level,
        lc1_0.title 
    from
        lesson_courses lc1_0 
    where
        lc1_0.lang=?
Hibernate: 
    select
        lc1_0.id,
        lc1_0.category,
        lc1_0.description,
        lc1_0.icon,
        lc1_0.lang,
        lc1_0.lesson_count,
        lc1_0.level,
        lc1_0.title 
    from
        lesson_courses lc1_0 
    where
        lc1_0.lang=?
Hibernate: 
    select
        lc1_0.id,
        lc1_0.category,
        lc1_0.description,
        lc1_0.icon,
        lc1_0.lang,
        lc1_0.lesson_count,
        lc1_0.level,
        lc1_0.title 
    from
        lesson_courses lc1_0 
    where
        lc1_0.lang=?
Hibernate: 
    select
        count(*) 
    from
        challenges c1_0
Hibernate: 
    select
        q1_0.id 
    from
        quizzes q1_0 
    where
        q1_0.title=? 
    limit
        ?
Hibernate: 
    select
        q1_0.id 
    from
        quizzes q1_0 
    where
        q1_0.title=? 
    limit
        ?
Hibernate: 
    select
        q1_0.id 
    from
        quizzes q1_0 
    where
        q1_0.title=? 
    limit
        ?
Hibernate: 
    select
        q1_0.id 
    from
        quizzes q1_0 
    where
        q1_0.title=? 
    limit
        ?
Hibernate: 
    select
        q1_0.id 
    from
        quizzes q1_0 
    where
        q1_0.title=? 
    limit
        ?
Hibernate: 
    select
        q1_0.id 
    from
        quizzes q1_0 
    where
        q1_0.title=? 
    limit
        ?
Hibernate: 
    select
        q1_0.id 
    from
        quizzes q1_0 
    where
        q1_0.title=? 
    limit
        ?
Hibernate: 
    select
        q1_0.id 
    from
        quizzes q1_0 
    where
        q1_0.title=? 
    limit
        ?
Hibernate: 
    select
        q1_0.id 
    from
        quizzes q1_0 
    where
        q1_0.title=? 
    limit
        ?
Hibernate: 
    select
        q1_0.id 
    from
        quizzes q1_0 
    where
        q1_0.title=? 
    limit
        ?
Hibernate: 
    select
        u1_0.id,
        u1_0.created_at,
        u1_0.email,
        u1_0.nickname,
        u1_0.password,
        u1_0.role,
        u1_0.username 
    from
        users u1_0 
    where
        u1_0.username=?
Hibernate: 
    select
        u1_0.id,
        u1_0.created_at,
        u1_0.email,
        u1_0.nickname,
        u1_0.password,
        u1_0.role,
        u1_0.username 
    from
        users u1_0 
    where
        u1_0.username=?
Hibernate: 
    select
        u1_0.id,
        u1_0.created_at,
        u1_0.email,
        u1_0.nickname,
        u1_0.password,
        u1_0.role,
        u1_0.username 
    from
        users u1_0 
    where
        u1_0.username=?
Hibernate: 
    select
        u1_0.id,
        u1_0.created_at,
        u1_0.email,
        u1_0.nickname,
        u1_0.password,
        u1_0.role,
        u1_0.username 
    from
        users u1_0 
    where
        u1_0.username=?
Hibernate: 
    select
        u1_0.id,
        u1_0.created_at,
        u1_0.email,
        u1_0.nickname,
        u1_0.password,
        u1_0.role,
        u1_0.username 
    from
        users u1_0 
    where
        u1_0.username=?
Hibernate: 
    select
        u1_0.id,
        u1_0.created_at,
        u1_0.email,
        u1_0.nickname,
        u1_0.password,
        u1_0.role,
        u1_0.username 
    from
        users u1_0 
    where
        u1_0.username=?
Hibernate: 
    select
        p1_0.id 
    from
        posts p1_0 
    where
        p1_0.title=? 
    limit
        ?
Hibernate: 
    select
        p1_0.id 
    from
        posts p1_0 
    where
        p1_0.title=? 
    limit
        ?
Hibernate: 
    select
        p1_0.id 
    from
        posts p1_0 
    where
        p1_0.title=? 
    limit
        ?
Hibernate: 
    select
        p1_0.id 
    from
        posts p1_0 
    where
        p1_0.title=? 
    limit
        ?
Hibernate: 
    select
        p1_0.id 
    from
        posts p1_0 
    where
        p1_0.title=? 
    limit
        ?
Hibernate: 
    select
        p1_0.id 
    from
        posts p1_0 
    where
        p1_0.title=? 
    limit
        ?
Hibernate: 
    select
        p1_0.id 
    from
        posts p1_0 
    where
        p1_0.title=? 
    limit
        ?
Hibernate: 
    select
        p1_0.id 
    from
        posts p1_0 
    where
        p1_0.title=? 
    limit
        ?
Hibernate: 
    select
        p1_0.id 
    from
        posts p1_0 
    where
        p1_0.title=? 
    limit
        ?
Hibernate: 
    select
        p1_0.id 
    from
        posts p1_0 
    where
        p1_0.title=? 
    limit
        ?
Hibernate: 
    select
        p1_0.id 
    from
        posts p1_0 
    where
        p1_0.title=? 
    limit
        ?
Hibernate: 
    select
        p1_0.id 
    from
        posts p1_0 
    where
        p1_0.title=? 
    limit
        ?
Hibernate: 
    select
        p1_0.id 
    from
        posts p1_0 
    where
        p1_0.title=? 
    limit
        ?
Hibernate: 
    select
        p1_0.id 
    from
        posts p1_0 
    where
        p1_0.title=? 
    limit
        ?
Hibernate: 
    select
        p1_0.id 
    from
        posts p1_0 
    where
        p1_0.title=? 
    limit
        ?
2026-05-20T14:19:53.858+09:00  INFO 16076 --- [nio-8080-exec-2] o.a.c.c.C.[Tomcat].[localhost].[/]       : Initializing Spring DispatcherServlet 'dispatcherServlet'
2026-05-20T14:19:53.860+09:00  INFO 16076 --- [nio-8080-exec-2] o.s.web.servlet.DispatcherServlet        : Initializing Servlet 'dispatcherServlet'
2026-05-20T14:19:53.863+09:00  INFO 16076 --- [nio-8080-exec-2] o.s.web.servlet.DispatcherServlet        : Completed initialization in 3 ms
Hibernate: 
    select
        count(*) 
    from
        users u1_0
Hibernate: 
    select
        lc1_0.id,
        lc1_0.category,
        lc1_0.description,
        lc1_0.icon,
        lc1_0.lang,
        lc1_0.lesson_count,
        lc1_0.level,
        lc1_0.title 
    from
        lesson_courses lc1_0 
    order by
        lc1_0.id
Hibernate: 
    select
        count(*) 
    from
        quizzes q1_0
Hibernate: 
    select
        count(*) 
    from
        users u1_0
Hibernate: 
    select
        lc1_0.id,
        lc1_0.category,
        lc1_0.description,
        lc1_0.icon,
        lc1_0.lang,
        lc1_0.lesson_count,
        lc1_0.level,
        lc1_0.title 
    from
        lesson_courses lc1_0 
    order by
        lc1_0.id
Hibernate: 
    select
        count(*) 
    from
        quizzes q1_0
Hibernate: 
    select
        lc1_0.id,
        lc1_0.category,
        lc1_0.description,
        lc1_0.icon,
        lc1_0.lang,
        lc1_0.lesson_count,
        lc1_0.level,
        lc1_0.title 
    from
        lesson_courses lc1_0 
    order by
        lc1_0.id
Hibernate: 
    select
        count(*) 
    from
        users u1_0
Hibernate: 
    select
        lc1_0.id,
        lc1_0.category,
        lc1_0.description,
        lc1_0.icon,
        lc1_0.lang,
        lc1_0.lesson_count,
        lc1_0.level,
        lc1_0.title 
    from
        lesson_courses lc1_0 
    order by
        lc1_0.id
Hibernate: 
    select
        count(*) 
    from
        quizzes q1_0
Hibernate: 
    select
        p1_0.id,
        p1_0.user_id,
        p1_0.category,
        p1_0.comment_count,
        p1_0.content,
        p1_0.created_at,
        p1_0.disappointed_count,
        p1_0.like_count,
        p1_0.title,
        p1_0.views 
    from
        posts p1_0 
    order by
        p1_0.created_at desc 
    limit
        ?
Hibernate: 
    select
        count(p1_0.id) 
    from
        posts p1_0
Hibernate: 
    select
        a1_0.nickname,
        count(c1_0.id) 
    from
        comments c1_0 
    join
        users a1_0 
            on a1_0.id=c1_0.user_id 
    where
        c1_0.created_at>=? 
    group by
        c1_0.user_id,
        a1_0.nickname 
    order by
        count(c1_0.id) desc
Hibernate: 
    select
        c1_0.post_id,
        count(c1_0.id) 
    from
        comments c1_0 
    where
        c1_0.post_id in (?, ?, ?, ?, ?, ?, ?, ?, ?, ?) 
    group by
        c1_0.post_id
Hibernate: 
    select
        u1_0.id,
        u1_0.created_at,
        u1_0.email,
        u1_0.nickname,
        u1_0.password,
        u1_0.role,
        u1_0.username 
    from
        users u1_0 
    where
        u1_0.id=?
Hibernate: 
    select
        u1_0.id,
        u1_0.created_at,
        u1_0.email,
        u1_0.nickname,
        u1_0.password,
        u1_0.role,
        u1_0.username 
    from
        users u1_0 
    where
        u1_0.id=?
Hibernate: 
    select
        u1_0.id,
        u1_0.created_at,
        u1_0.email,
        u1_0.nickname,
        u1_0.password,
        u1_0.role,
        u1_0.username 
    from
        users u1_0 
    where
        u1_0.id=?
Hibernate: 
    select
        u1_0.id,
        u1_0.created_at,
        u1_0.email,
        u1_0.nickname,
        u1_0.password,
        u1_0.role,
        u1_0.username 
    from
        users u1_0 
    where
        u1_0.id=?
Hibernate: 
    select
        u1_0.id,
        u1_0.created_at,
        u1_0.email,
        u1_0.nickname,
        u1_0.password,
        u1_0.role,
        u1_0.username 
    from
        users u1_0 
    where
        u1_0.id=?
Hibernate: 
    select
        u1_0.id,
        u1_0.created_at,
        u1_0.email,
        u1_0.nickname,
        u1_0.password,
        u1_0.role,
        u1_0.username 
    from
        users u1_0 
    where
        u1_0.id=?
Hibernate: 
    select
        u1_0.id,
        u1_0.created_at,
        u1_0.email,
        u1_0.nickname,
        u1_0.password,
        u1_0.role,
        u1_0.username 
    from
        users u1_0 
    where
        u1_0.username=?
Hibernate: 
    select
        u1_0.id,
        u1_0.created_at,
        u1_0.email,
        u1_0.nickname,
        u1_0.password,
        u1_0.role,
        u1_0.username 
    from
        users u1_0 
    where
        u1_0.username=?
Hibernate: 
    select
        count(n1_0.id) 
    from
        notifications n1_0 
    where
        n1_0.receiver_id=? 
        and not(n1_0.is_read)
Hibernate: 
    select
        count(*) 
    from
        users u1_0
Hibernate: 
    select
        lc1_0.id,
        lc1_0.category,
        lc1_0.description,
        lc1_0.icon,
        lc1_0.lang,
        lc1_0.lesson_count,
        lc1_0.level,
        lc1_0.title 
    from
        lesson_courses lc1_0 
    order by
        lc1_0.id
Hibernate: 
    select
        count(*) 
    from
        quizzes q1_0
Hibernate: 
    select
        u1_0.id,
        u1_0.created_at,
        u1_0.email,
        u1_0.nickname,
        u1_0.password,
        u1_0.role,
        u1_0.username 
    from
        users u1_0 
    where
        u1_0.username=?
Hibernate: 
    select
        lc1_0.id,
        lc1_0.category,
        lc1_0.description,
        lc1_0.icon,
        lc1_0.lang,
        lc1_0.lesson_count,
        lc1_0.level,
        lc1_0.title 
    from
        lesson_courses lc1_0 
    order by
        lc1_0.id
Hibernate: 
    select
        count(lp1_0.id) 
    from
        learning_progress lp1_0 
    where
        lp1_0.user_id=?
Hibernate: 
    select
        qr1_0.id,
        qr1_0.created_at,
        qr1_0.quiz_id,
        qr1_0.score,
        qr1_0.total_questions,
        qr1_0.user_id 
    from
        quiz_results qr1_0 
    where
        qr1_0.user_id=? 
    order by
        qr1_0.created_at desc
Hibernate: 
    select
        lc1_0.id,
        lc1_0.category,
        lc1_0.description,
        lc1_0.icon,
        lc1_0.lang,
        lc1_0.lesson_count,
        lc1_0.level,
        lc1_0.title 
    from
        lesson_courses lc1_0 
    order by
        lc1_0.id
Hibernate: 
    select
        count(lp1_0.id) 
    from
        learning_progress lp1_0 
    where
        lp1_0.user_id=? 
        and lp1_0.lang=?
Hibernate: 
    select
        count(lp1_0.id) 
    from
        learning_progress lp1_0 
    where
        lp1_0.user_id=? 
        and lp1_0.lang=?
Hibernate: 
    select
        count(lp1_0.id) 
    from
        learning_progress lp1_0 
    where
        lp1_0.user_id=? 
        and lp1_0.lang=?
Hibernate: 
    select
        count(lp1_0.id) 
    from
        learning_progress lp1_0 
    where
        lp1_0.user_id=? 
        and lp1_0.lang=?
Hibernate: 
    select
        count(lp1_0.id) 
    from
        learning_progress lp1_0 
    where
        lp1_0.user_id=? 
        and lp1_0.lang=?
Hibernate: 
    select
        count(lp1_0.id) 
    from
        learning_progress lp1_0 
    where
        lp1_0.user_id=? 
        and lp1_0.lang=?
Hibernate: 
    select
        count(lp1_0.id) 
    from
        learning_progress lp1_0 
    where
        lp1_0.user_id=? 
        and lp1_0.lang=?
Hibernate: 
    select
        count(lp1_0.id) 
    from
        learning_progress lp1_0 
    where
        lp1_0.user_id=? 
        and lp1_0.lang=?
Hibernate: 
    select
        count(lp1_0.id) 
    from
        learning_progress lp1_0 
    where
        lp1_0.user_id=? 
        and lp1_0.lang=?
Hibernate: 
    select
        count(lp1_0.id) 
    from
        learning_progress lp1_0 
    where
        lp1_0.user_id=? 
        and lp1_0.lang=?
Hibernate: 
    select
        p1_0.id,
        p1_0.user_id,
        p1_0.category,
        p1_0.comment_count,
        p1_0.content,
        p1_0.created_at,
        p1_0.disappointed_count,
        p1_0.like_count,
        p1_0.title,
        p1_0.views 
    from
        posts p1_0 
    where
        p1_0.user_id=? 
    order by
        p1_0.created_at desc 
    limit
        ?
Hibernate: 
    select
        u1_0.id,
        u1_0.created_at,
        u1_0.email,
        u1_0.nickname,
        u1_0.password,
        u1_0.role,
        u1_0.username 
    from
        users u1_0 
    where
        u1_0.username=?
Hibernate: 
    select
        count(n1_0.id) 
    from
        notifications n1_0 
    where
        n1_0.receiver_id=? 
        and not(n1_0.is_read)
[ERROR] Failed to execute goal org.springframework.boot:spring-boot-maven-plugin:3.4.1:run (default-cli) on project codingedu: Process terminated with exit code: 1 -> [Help 1]
[ERROR] 
[ERROR] To see the full stack trace of the errors, re-run Maven with the -e switch.
[ERROR] Re-run Maven using the -X switch to enable full debug logging.
[ERROR] 
[ERROR] For more information about the errors and possible solutions, please read the following articles:
[ERROR] [Help 1] http://cwiki.apache.org/confluence/display/MAVEN/MojoExecutionException
